V7.6.0 start Çar 30.09.2026 19:55:17,62
C:\ArsanGazERP\ArsanGazERP_V2_Duzeltilmis\Tools\AgentWatcher\ArsanGazERP.AgentWatcher.csproj
C:\ArsanGazERP\ArsanGazERP_V2_Duzeltilmis\Tools\AgentWatcher\Program.cs
C:\ArsanGazERP\ArsanGazERP_V2_Duzeltilmis\Tools\AgentWatcher\bin\Release\net10.0-windows\win-x64\Accessibility.dll
C:\ArsanGazERP\ArsanGazERP_V2_Duzeltilmis\Tools\AgentWatcher\bin\Release\net10.0-windows\win-x64\ArsanGazERP.AgentWatcher.deps.json
C:\ArsanGazERP\ArsanGazERP_V2_Duzeltilmis\Tools\AgentWatcher\bin\Release\net10.0-windows\win-x64\ArsanGazERP.AgentWatcher.dll
C:\ArsanGazERP\ArsanGazERP_V2_Duzeltilmis\Tools\AgentWatcher\bin\Release\net10.0-windows\win-x64\ArsanGazERP.AgentWatcher.exe
C:\ArsanGazERP\ArsanGazERP_V2_Duzeltilmis\Tools\AgentWatcher\bin\Release\net10.0-windows\win-x64\ArsanGazERP.AgentWatcher.pdb
C:\ArsanGazERP\ArsanGazERP_V2_Duzeltilmis\Tools\AgentWatcher\bin\Release\net10.0-windows\win-x64\ArsanGazERP.AgentWatcher.runtimeconfig.json
C:\ArsanGazERP\ArsanGazERP_V2_Duzeltilmis\Tools\AgentWatcher\bin\Release\net10.0-windows\win-x64\clretwrc.dll
C:\ArsanGazERP\ArsanGazERP_V2_Duzeltilmis\Tools\AgentWatcher\bin\Release\net10.0-windows\win-x64\clrgc.dll
C:\ArsanGazERP\ArsanGazERP_V2_Duzeltilmis\Tools\AgentWatcher\bin\Release\net10.0-windows\win-x64\clrgcexp.dll
C:\ArsanGazERP\ArsanGazERP_V2_Duzeltilmis\Tools\AgentWatcher\bin\Release\net10.0-windows\win-x64\clrjit.dll
C:\ArsanGazERP\ArsanGazERP_V2_Duzeltilmis\Tools\AgentWatcher\bin\Release\net10.0-windows\win-x64\coreclr.dll
C:\ArsanGazERP\ArsanGazERP_V2_Duzeltilmis\Tools\AgentWatcher\bin\Release\net10.0-windows\win-x64\createdump.exe
C:\ArsanGazERP\ArsanGazERP_V2_Duzeltilmis\Tools\AgentWatcher\bin\Release\net10.0-windows\win-x64\hostfxr.dll
C:\ArsanGazERP\ArsanGazERP_V2_Duzeltilmis\Tools\AgentWatcher\bin\Release\net10.0-windows\win-x64\hostpolicy.dll
C:\ArsanGazERP\ArsanGazERP_V2_Duzeltilmis\Tools\AgentWatcher\bin\Release\net10.0-windows\win-x64\Microsoft.CSharp.dll
C:\ArsanGazERP\ArsanGazERP_V2_Duzeltilmis\Tools\AgentWatcher\bin\Release\net10.0-windows\win-x64\Microsoft.DiaSymReader.Native.amd64.dll
C:\ArsanGazERP\ArsanGazERP_V2_Duzeltilmis\Tools\AgentWatcher\bin\Release\net10.0-windows\win-x64\Microsoft.Identity.Client.dll
C:\ArsanGazERP\ArsanGazERP_V2_Duzeltilmis\Tools\AgentWatcher\bin\Release\net10.0-windows\win-x64\Microsoft.Identity.Client.Extensions.Msal.dll
C:\ArsanGazERP\ArsanGazERP_V2_Duzeltilmis\Tools\AgentWatcher\bin\Release\net10.0-windows\win-x64\Microsoft.IdentityModel.Abstractions.dll
C:\ArsanGazERP\ArsanGazERP_V2_Duzeltilmis\Tools\AgentWatcher\bin\Release\net10.0-windows\win-x64\Microsoft.VisualBasic.Core.dll
C:\ArsanGazERP\ArsanGazERP_V2_Duzeltilmis\Tools\AgentWatcher\bin\Release\net10.0-windows\win-x64\Microsoft.VisualBasic.dll
C:\ArsanGazERP\ArsanGazERP_V2_Duzeltilmis\Tools\AgentWatcher\bin\Release\net10.0-windows\win-x64\Microsoft.VisualBasic.Forms.dll
C:\ArsanGazERP\ArsanGazERP_V2_Duzeltilmis\Tools\AgentWatcher\bin\Release\net10.0-windows\win-x64\Microsoft.Win32.Primitives.dll
C:\ArsanGazERP\ArsanGazERP_V2_Duzeltilmis\Tools\AgentWatcher\bin\Release\net10.0-windows\win-x64\Microsoft.Win32.Registry.AccessControl.dll
C:\ArsanGazERP\ArsanGazERP_V2_Duzeltilmis\Tools\AgentWatcher\bin\Release\net10.0-windows\win-x64\Microsoft.Win32.Registry.dll
C:\ArsanGazERP\ArsanGazERP_V2_Duzeltilmis\Tools\AgentWatcher\bin\Release\net10.0-windows\win-x64\Microsoft.Win32.SystemEvents.dll
C:\ArsanGazERP\ArsanGazERP_V2_Duzeltilmis\Tools\AgentWatcher\bin\Release\net10.0-windows\win-x64\mscordaccore.dll
C:\ArsanGazERP\ArsanGazERP_V2_Duzeltilmis\Tools\AgentWatcher\bin\Release\net10.0-windows\win-x64\mscordaccore_amd64_amd64_10.0.1226.42308.dll
C:\ArsanGazERP\ArsanGazERP_V2_Duzeltilmis\Tools\AgentWatcher\bin\Release\net10.0-windows\win-x64\mscordbi.dll
C:\ArsanGazERP\ArsanGazERP_V2_Duzeltilmis\Tools\AgentWatcher\bin\Release\net10.0-windows\win-x64\mscorlib.dll
C:\ArsanGazERP\ArsanGazERP_V2_Duzeltilmis\Tools\AgentWatcher\bin\Release\net10.0-windows\win-x64\mscorrc.dll
C:\ArsanGazERP\ArsanGazERP_V2_Duzeltilmis\Tools\AgentWatcher\bin\Release\net10.0-windows\win-x64\msquic.dll
C:\ArsanGazERP\ArsanGazERP_V2_Duzeltilmis\Tools\AgentWatcher\bin\Release\net10.0-windows\win-x64\netstandard.dll
C:\ArsanGazERP\ArsanGazERP_V2_Duzeltilmis\Tools\AgentWatcher\bin\Release\net10.0-windows\win-x64\System.AppContext.dll
C:\ArsanGazERP\ArsanGazERP_V2_Duzeltilmis\Tools\AgentWatcher\bin\Release\net10.0-windows\win-x64\System.Buffers.dll
C:\ArsanGazERP\ArsanGazERP_V2_Duzeltilmis\Tools\AgentWatcher\bin\Release\net10.0-windows\win-x64\System.CodeDom.dll
C:\ArsanGazERP\ArsanGazERP_V2_Duzeltilmis\Tools\AgentWatcher\bin\Release\net10.0-windows\win-x64\System.Collections.Concurrent.dll
C:\ArsanGazERP\ArsanGazERP_V2_Duzeltilmis\Tools\AgentWatcher\bin\Release\net10.0-windows\win-x64\System.Collections.dll
C:\ArsanGazERP\ArsanGazERP_V2_Duzeltilmis\Tools\AgentWatcher\bin\Release\net10.0-windows\win-x64\System.Collections.Immutable.dll
C:\ArsanGazERP\ArsanGazERP_V2_Duzeltilmis\Tools\AgentWatcher\bin\Release\net10.0-windows\win-x64\System.Collections.NonGeneric.dll
C:\ArsanGazERP\ArsanGazERP_V2_Duzeltilmis\Tools\AgentWatcher\bin\Release\net10.0-windows\win-x64\System.Collections.Specialized.dll
C:\ArsanGazERP\ArsanGazERP_V2_Duzeltilmis\Tools\AgentWatcher\bin\Release\net10.0-windows\win-x64\System.ComponentModel.Annotations.dll
C:\ArsanGazERP\ArsanGazERP_V2_Duzeltilmis\Tools\AgentWatcher\bin\Release\net10.0-windows\win-x64\System.ComponentModel.DataAnnotations.dll
C:\ArsanGazERP\ArsanGazERP_V2_Duzeltilmis\Tools\AgentWatcher\bin\Release\net10.0-windows\win-x64\System.ComponentModel.dll
C:\ArsanGazERP\ArsanGazERP_V2_Duzeltilmis\Tools\AgentWatcher\bin\Release\net10.0-windows\win-x64\System.ComponentModel.EventBasedAsync.dll
C:\ArsanGazERP\ArsanGazERP_V2_Duzeltilmis\Tools\AgentWatcher\bin\Release\net10.0-windows\win-x64\System.ComponentModel.Primitives.dll
C:\ArsanGazERP\ArsanGazERP_V2_Duzeltilmis\Tools\AgentWatcher\bin\Release\net10.0-windows\win-x64\System.ComponentModel.TypeConverter.dll
C:\ArsanGazERP\ArsanGazERP_V2_Duzeltilmis\Tools\AgentWatcher\bin\Release\net10.0-windows\win-x64\System.Configuration.ConfigurationManager.dll
C:\ArsanGazERP\ArsanGazERP_V2_Duzeltilmis\Tools\AgentWatcher\bin\Release\net10.0-windows\win-x64\System.Configuration.dll
C:\ArsanGazERP\ArsanGazERP_V2_Duzeltilmis\Tools\AgentWatcher\bin\Release\net10.0-windows\win-x64\System.Console.dll
C:\ArsanGazERP\ArsanGazERP_V2_Duzeltilmis\Tools\AgentWatcher\bin\Release\net10.0-windows\win-x64\System.Core.dll
C:\ArsanGazERP\ArsanGazERP_V2_Duzeltilmis\Tools\AgentWatcher\bin\Release\net10.0-windows\win-x64\System.Data.Common.dll
C:\ArsanGazERP\ArsanGazERP_V2_Duzeltilmis\Tools\AgentWatcher\bin\Release\net10.0-windows\win-x64\System.Data.DataSetExtensions.dll
C:\ArsanGazERP\ArsanGazERP_V2_Duzeltilmis\Tools\AgentWatcher\bin\Release\net10.0-windows\win-x64\System.Data.dll
C:\ArsanGazERP\ArsanGazERP_V2_Duzeltilmis\Tools\AgentWatcher\bin\Release\net10.0-windows\win-x64\System.Design.dll
C:\ArsanGazERP\ArsanGazERP_V2_Duzeltilmis\Tools\AgentWatcher\bin\Release\net10.0-windows\win-x64\System.Diagnostics.Contracts.dll
C:\ArsanGazERP\ArsanGazERP_V2_Duzeltilmis\Tools\AgentWatcher\bin\Release\net10.0-windows\win-x64\System.Diagnostics.Debug.dll
C:\ArsanGazERP\ArsanGazERP_V2_Duzeltilmis\Tools\AgentWatcher\bin\Release\net10.0-windows\win-x64\System.Diagnostics.DiagnosticSource.dll
C:\ArsanGazERP\ArsanGazERP_V2_Duzeltilmis\Tools\AgentWatcher\bin\Release\net10.0-windows\win-x64\System.Diagnostics.EventLog.dll
C:\ArsanGazERP\ArsanGazERP_V2_Duzeltilmis\Tools\AgentWatcher\bin\Release\net10.0-windows\win-x64\System.Diagnostics.EventLog.Messages.dll
C:\ArsanGazERP\ArsanGazERP_V2_Duzeltilmis\Tools\AgentWatcher\bin\Release\net10.0-windows\win-x64\System.Diagnostics.FileVersionInfo.dll
C:\ArsanGazERP\ArsanGazERP_V2_Duzeltilmis\Tools\AgentWatcher\bin\Release\net10.0-windows\win-x64\System.Diagnostics.PerformanceCounter.dll
C:\ArsanGazERP\ArsanGazERP_V2_Duzeltilmis\Tools\AgentWatcher\bin\Release\net10.0-windows\win-x64\System.Diagnostics.Process.dll
C:\ArsanGazERP\ArsanGazERP_V2_Duzeltilmis\Tools\AgentWatcher\bin\Release\net10.0-windows\win-x64\System.Diagnostics.StackTrace.dll
C:\ArsanGazERP\ArsanGazERP_V2_Duzeltilmis\Tools\AgentWatcher\bin\Release\net10.0-windows\win-x64\System.Diagnostics.TextWriterTraceListener.dll
C:\ArsanGazERP\ArsanGazERP_V2_Duzeltilmis\Tools\AgentWatcher\bin\Release\net10.0-windows\win-x64\System.Diagnostics.Tools.dll
C:\ArsanGazERP\ArsanGazERP_V2_Duzeltilmis\Tools\AgentWatcher\bin\Release\net10.0-windows\win-x64\System.Diagnostics.TraceSource.dll
C:\ArsanGazERP\ArsanGazERP_V2_Duzeltilmis\Tools\AgentWatcher\bin\Release\net10.0-windows\win-x64\System.Diagnostics.Tracing.dll
C:\ArsanGazERP\ArsanGazERP_V2_Duzeltilmis\Tools\AgentWatcher\bin\Release\net10.0-windows\win-x64\System.DirectoryServices.dll
C:\ArsanGazERP\ArsanGazERP_V2_Duzeltilmis\Tools\AgentWatcher\bin\Release\net10.0-windows\win-x64\System.dll
C:\ArsanGazERP\ArsanGazERP_V2_Duzeltilmis\Tools\AgentWatcher\bin\Release\net10.0-windows\win-x64\System.Drawing.Common.dll
C:\ArsanGazERP\ArsanGazERP_V2_Duzeltilmis\Tools\AgentWatcher\bin\Release\net10.0-windows\win-x64\System.Drawing.Design.dll
C:\ArsanGazERP\ArsanGazERP_V2_Duzeltilmis\Tools\AgentWatcher\bin\Release\net10.0-windows\win-x64\System.Drawing.dll
C:\ArsanGazERP\ArsanGazERP_V2_Duzeltilmis\Tools\AgentWatcher\bin\Release\net10.0-windows\win-x64\System.Drawing.Primitives.dll
C:\ArsanGazERP\ArsanGazERP_V2_Duzeltilmis\Tools\AgentWatcher\bin\Release\net10.0-windows\win-x64\System.Dynamic.Runtime.dll
C:\ArsanGazERP\ArsanGazERP_V2_Duzeltilmis\Tools\AgentWatcher\bin\Release\net10.0-windows\win-x64\System.Formats.Asn1.dll
C:\ArsanGazERP\ArsanGazERP_V2_Duzeltilmis\Tools\AgentWatcher\bin\Release\net10.0-windows\win-x64\System.Formats.Nrbf.dll
C:\ArsanGazERP\ArsanGazERP_V2_Duzeltilmis\Tools\AgentWatcher\bin\Release\net10.0-windows\win-x64\System.Formats.Tar.dll
C:\ArsanGazERP\ArsanGazERP_V2_Duzeltilmis\Tools\AgentWatcher\bin\Release\net10.0-windows\win-x64\System.Globalization.Calendars.dll
C:\ArsanGazERP\ArsanGazERP_V2_Duzeltilmis\Tools\AgentWatcher\bin\Release\net10.0-windows\win-x64\System.Globalization.dll
C:\ArsanGazERP\ArsanGazERP_V2_Duzeltilmis\Tools\AgentWatcher\bin\Release\net10.0-windows\win-x64\System.Globalization.Extensions.dll
C:\ArsanGazERP\ArsanGazERP_V2_Duzeltilmis\Tools\AgentWatcher\bin\Release\net10.0-windows\win-x64\System.IO.Compression.Brotli.dll
C:\ArsanGazERP\ArsanGazERP_V2_Duzeltilmis\Tools\AgentWatcher\bin\Release\net10.0-windows\win-x64\System.IO.Compression.dll
C:\ArsanGazERP\ArsanGazERP_V2_Duzeltilmis\Tools\AgentWatcher\bin\Release\net10.0-windows\win-x64\System.IO.Compression.FileSystem.dll
C:\ArsanGazERP\ArsanGazERP_V2_Duzeltilmis\Tools\AgentWatcher\bin\Release\net10.0-windows\win-x64\System.IO.Compression.Native.dll
C:\ArsanGazERP\ArsanGazERP_V2_Duzeltilmis\Tools\AgentWatcher\bin\Release\net10.0-windows\win-x64\System.IO.Compression.ZipFile.dll
C:\ArsanGazERP\ArsanGazERP_V2_Duzeltilmis\Tools\AgentWatcher\bin\Release\net10.0-windows\win-x64\System.IO.dll
C:\ArsanGazERP\ArsanGazERP_V2_Duzeltilmis\Tools\AgentWatcher\bin\Release\net10.0-windows\win-x64\System.IO.FileSystem.AccessControl.dll
C:\ArsanGazERP\ArsanGazERP_V2_Duzeltilmis\Tools\AgentWatcher\bin\Release\net10.0-windows\win-x64\System.IO.FileSystem.dll
C:\ArsanGazERP\ArsanGazERP_V2_Duzeltilmis\Tools\AgentWatcher\bin\Release\net10.0-windows\win-x64\System.IO.FileSystem.DriveInfo.dll
C:\ArsanGazERP\ArsanGazERP_V2_Duzeltilmis\Tools\AgentWatcher\bin\Release\net10.0-windows\win-x64\System.IO.FileSystem.Primitives.dll
C:\ArsanGazERP\ArsanGazERP_V2_Duzeltilmis\Tools\AgentWatcher\bin\Release\net10.0-windows\win-x64\System.IO.FileSystem.Watcher.dll
C:\ArsanGazERP\ArsanGazERP_V2_Duzeltilmis\Tools\AgentWatcher\bin\Release\net10.0-windows\win-x64\System.IO.IsolatedStorage.dll
C:\ArsanGazERP\ArsanGazERP_V2_Duzeltilmis\Tools\AgentWatcher\bin\Release\net10.0-windows\win-x64\System.IO.MemoryMappedFiles.dll
C:\ArsanGazERP\ArsanGazERP_V2_Duzeltilmis\Tools\AgentWatcher\bin\Release\net10.0-windows\win-x64\System.IO.Packaging.dll
C:\ArsanGazERP\ArsanGazERP_V2_Duzeltilmis\Tools\AgentWatcher\bin\Release\net10.0-windows\win-x64\System.IO.Pipelines.dll
C:\ArsanGazERP\ArsanGazERP_V2_Duzeltilmis\Tools\AgentWatcher\bin\Release\net10.0-windows\win-x64\System.IO.Pipes.AccessControl.dll
C:\ArsanGazERP\ArsanGazERP_V2_Duzeltilmis\Tools\AgentWatcher\bin\Release\net10.0-windows\win-x64\System.IO.Pipes.dll
C:\ArsanGazERP\ArsanGazERP_V2_Duzeltilmis\Tools\AgentWatcher\bin\Release\net10.0-windows\win-x64\System.IO.UnmanagedMemoryStream.dll
C:\ArsanGazERP\ArsanGazERP_V2_Duzeltilmis\Tools\AgentWatcher\bin\Release\net10.0-windows\win-x64\System.Linq.AsyncEnumerable.dll
C:\ArsanGazERP\ArsanGazERP_V2_Duzeltilmis\Tools\AgentWatcher\bin\Release\net10.0-windows\win-x64\System.Linq.dll
C:\ArsanGazERP\ArsanGazERP_V2_Duzeltilmis\Tools\AgentWatcher\bin\Release\net10.0-windows\win-x64\System.Linq.Expressions.dll
C:\ArsanGazERP\ArsanGazERP_V2_Duzeltilmis\Tools\AgentWatcher\bin\Release\net10.0-windows\win-x64\System.Linq.Parallel.dll
C:\ArsanGazERP\ArsanGazERP_V2_Duzeltilmis\Tools\AgentWatcher\bin\Release\net10.0-windows\win-x64\System.Linq.Queryable.dll
C:\ArsanGazERP\ArsanGazERP_V2_Duzeltilmis\Tools\AgentWatcher\bin\Release\net10.0-windows\win-x64\System.Memory.dll
C:\ArsanGazERP\ArsanGazERP_V2_Duzeltilmis\Tools\AgentWatcher\bin\Release\net10.0-windows\win-x64\System.Net.dll
C:\ArsanGazERP\ArsanGazERP_V2_Duzeltilmis\Tools\AgentWatcher\bin\Release\net10.0-windows\win-x64\System.Net.Http.dll
C:\ArsanGazERP\ArsanGazERP_V2_Duzeltilmis\Tools\AgentWatcher\bin\Release\net10.0-windows\win-x64\System.Net.Http.Json.dll
C:\ArsanGazERP\ArsanGazERP_V2_Duzeltilmis\Tools\AgentWatcher\bin\Release\net10.0-windows\win-x64\System.Net.HttpListener.dll
C:\ArsanGazERP\ArsanGazERP_V2_Duzeltilmis\Tools\AgentWatcher\bin\Release\net10.0-windows\win-x64\System.Net.Mail.dll
C:\ArsanGazERP\ArsanGazERP_V2_Duzeltilmis\Tools\AgentWatcher\bin\Release\net10.0-windows\win-x64\System.Net.NameResolution.dll
C:\ArsanGazERP\ArsanGazERP_V2_Duzeltilmis\Tools\AgentWatcher\bin\Release\net10.0-windows\win-x64\System.Net.NetworkInformation.dll
C:\ArsanGazERP\ArsanGazERP_V2_Duzeltilmis\Tools\AgentWatcher\bin\Release\net10.0-windows\win-x64\System.Net.Ping.dll
C:\ArsanGazERP\ArsanGazERP_V2_Duzeltilmis\Tools\AgentWatcher\bin\Release\net10.0-windows\win-x64\System.Net.Primitives.dll
C:\ArsanGazERP\ArsanGazERP_V2_Duzeltilmis\Tools\AgentWatcher\bin\Release\net10.0-windows\win-x64\System.Net.Quic.dll
C:\ArsanGazERP\ArsanGazERP_V2_Duzeltilmis\Tools\AgentWatcher\bin\Release\net10.0-windows\win-x64\System.Net.Requests.dll
C:\ArsanGazERP\ArsanGazERP_V2_Duzeltilmis\Tools\AgentWatcher\bin\Release\net10.0-windows\win-x64\System.Net.Security.dll
C:\ArsanGazERP\ArsanGazERP_V2_Duzeltilmis\Tools\AgentWatcher\bin\Release\net10.0-windows\win-x64\System.Net.ServerSentEvents.dll
C:\ArsanGazERP\ArsanGazERP_V2_Duzeltilmis\Tools\AgentWatcher\bin\Release\net10.0-windows\win-x64\System.Net.ServicePoint.dll
C:\ArsanGazERP\ArsanGazERP_V2_Duzeltilmis\Tools\AgentWatcher\bin\Release\net10.0-windows\win-x64\System.Net.Sockets.dll
C:\ArsanGazERP\ArsanGazERP_V2_Duzeltilmis\Tools\AgentWatcher\bin\Release\net10.0-windows\win-x64\System.Net.WebClient.dll
C:\ArsanGazERP\ArsanGazERP_V2_Duzeltilmis\Tools\AgentWatcher\bin\Release\net10.0-windows\win-x64\System.Net.WebHeaderCollection.dll
C:\ArsanGazERP\ArsanGazERP_V2_Duzeltilmis\Tools\AgentWatcher\bin\Release\net10.0-windows\win-x64\System.Net.WebProxy.dll
C:\ArsanGazERP\ArsanGazERP_V2_Duzeltilmis\Tools\AgentWatcher\bin\Release\net10.0-windows\win-x64\System.Net.WebSockets.Client.dll
C:\ArsanGazERP\ArsanGazERP_V2_Duzeltilmis\Tools\AgentWatcher\bin\Release\net10.0-windows\win-x64\System.Net.WebSockets.dll
C:\ArsanGazERP\ArsanGazERP_V2_Duzeltilmis\Tools\AgentWatcher\bin\Release\net10.0-windows\win-x64\System.Numerics.dll
C:\ArsanGazERP\ArsanGazERP_V2_Duzeltilmis\Tools\AgentWatcher\bin\Release\net10.0-windows\win-x64\System.Numerics.Vectors.dll
C:\ArsanGazERP\ArsanGazERP_V2_Duzeltilmis\Tools\AgentWatcher\bin\Release\net10.0-windows\win-x64\System.ObjectModel.dll
C:\ArsanGazERP\ArsanGazERP_V2_Duzeltilmis\Tools\AgentWatcher\bin\Release\net10.0-windows\win-x64\System.Private.CoreLib.dll
C:\ArsanGazERP\ArsanGazERP_V2_Duzeltilmis\Tools\AgentWatcher\bin\Release\net10.0-windows\win-x64\System.Private.DataContractSerialization.dll
C:\ArsanGazERP\ArsanGazERP_V2_Duzeltilmis\Tools\AgentWatcher\bin\Release\net10.0-windows\win-x64\System.Private.Uri.dll
C:\ArsanGazERP\ArsanGazERP_V2_Duzeltilmis\Tools\AgentWatcher\bin\Release\net10.0-windows\win-x64\System.Private.Windows.Core.dll
C:\ArsanGazERP\ArsanGazERP_V2_Duzeltilmis\Tools\AgentWatcher\bin\Release\net10.0-windows\win-x64\System.Private.Windows.GdiPlus.dll
C:\ArsanGazERP\ArsanGazERP_V2_Duzeltilmis\Tools\AgentWatcher\bin\Release\net10.0-windows\win-x64\System.Private.Xml.dll
C:\ArsanGazERP\ArsanGazERP_V2_Duzeltilmis\Tools\AgentWatcher\bin\Release\net10.0-windows\win-x64\System.Private.Xml.Linq.dll
C:\ArsanGazERP\ArsanGazERP_V2_Duzeltilmis\Tools\AgentWatcher\bin\Release\net10.0-windows\win-x64\System.Reflection.DispatchProxy.dll
C:\ArsanGazERP\ArsanGazERP_V2_Duzeltilmis\Tools\AgentWatcher\bin\Release\net10.0-windows\win-x64\System.Reflection.dll
C:\ArsanGazERP\ArsanGazERP_V2_Duzeltilmis\Tools\AgentWatcher\bin\Release\net10.0-windows\win-x64\System.Reflection.Emit.dll
C:\ArsanGazERP\ArsanGazERP_V2_Duzeltilmis\Tools\AgentWatcher\bin\Release\net10.0-windows\win-x64\System.Reflection.Emit.ILGeneration.dll
C:\ArsanGazERP\ArsanGazERP_V2_Duzeltilmis\Tools\AgentWatcher\bin\Release\net10.0-windows\win-x64\System.Reflection.Emit.Lightweight.dll
C:\ArsanGazERP\ArsanGazERP_V2_Duzeltilmis\Tools\AgentWatcher\bin\Release\net10.0-windows\win-x64\System.Reflection.Extensions.dll
C:\ArsanGazERP\ArsanGazERP_V2_Duzeltilmis\Tools\AgentWatcher\bin\Release\net10.0-windows\win-x64\System.Reflection.Metadata.dll
C:\ArsanGazERP\ArsanGazERP_V2_Duzeltilmis\Tools\AgentWatcher\bin\Release\net10.0-windows\win-x64\System.Reflection.Primitives.dll
C:\ArsanGazERP\ArsanGazERP_V2_Duzeltilmis\Tools\AgentWatcher\bin\Release\net10.0-windows\win-x64\System.Reflection.TypeExtensions.dll
C:\ArsanGazERP\ArsanGazERP_V2_Duzeltilmis\Tools\AgentWatcher\bin\Release\net10.0-windows\win-x64\System.Resources.Extensions.dll
C:\ArsanGazERP\ArsanGazERP_V2_Duzeltilmis\Tools\AgentWatcher\bin\Release\net10.0-windows\win-x64\System.Resources.Reader.dll
C:\ArsanGazERP\ArsanGazERP_V2_Duzeltilmis\Tools\AgentWatcher\bin\Release\net10.0-windows\win-x64\System.Resources.ResourceManager.dll
C:\ArsanGazERP\ArsanGazERP_V2_Duzeltilmis\Tools\AgentWatcher\bin\Release\net10.0-windows\win-x64\System.Resources.Writer.dll
C:\ArsanGazERP\ArsanGazERP_V2_Duzeltilmis\Tools\AgentWatcher\bin\Release\net10.0-windows\win-x64\System.Runtime.CompilerServices.Unsafe.dll
C:\ArsanGazERP\ArsanGazERP_V2_Duzeltilmis\Tools\AgentWatcher\bin\Release\net10.0-windows\win-x64\System.Runtime.CompilerServices.VisualC.dll
C:\ArsanGazERP\ArsanGazERP_V2_Duzeltilmis\Tools\AgentWatcher\bin\Release\net10.0-windows\win-x64\System.Runtime.dll
C:\ArsanGazERP\ArsanGazERP_V2_Duzeltilmis\Tools\AgentWatcher\bin\Release\net10.0-windows\win-x64\System.Runtime.Extensions.dll
C:\ArsanGazERP\ArsanGazERP_V2_Duzeltilmis\Tools\AgentWatcher\bin\Release\net10.0-windows\win-x64\System.Runtime.Handles.dll
C:\ArsanGazERP\ArsanGazERP_V2_Duzeltilmis\Tools\AgentWatcher\bin\Release\net10.0-windows\win-x64\System.Runtime.InteropServices.dll
C:\ArsanGazERP\ArsanGazERP_V2_Duzeltilmis\Tools\AgentWatcher\bin\Release\net10.0-windows\win-x64\System.Runtime.InteropServices.JavaScript.dll
C:\ArsanGazERP\ArsanGazERP_V2_Duzeltilmis\Tools\AgentWatcher\bin\Release\net10.0-windows\win-x64\System.Runtime.InteropServices.RuntimeInformation.dll
C:\ArsanGazERP\ArsanGazERP_V2_Duzeltilmis\Tools\AgentWatcher\bin\Release\net10.0-windows\win-x64\System.Runtime.Intrinsics.dll
C:\ArsanGazERP\ArsanGazERP_V2_Duzeltilmis\Tools\AgentWatcher\bin\Release\net10.0-windows\win-x64\System.Runtime.Loader.dll
C:\ArsanGazERP\ArsanGazERP_V2_Duzeltilmis\Tools\AgentWatcher\bin\Release\net10.0-windows\win-x64\System.Runtime.Numerics.dll
C:\ArsanGazERP\ArsanGazERP_V2_Duzeltilmis\Tools\AgentWatcher\bin\Release\net10.0-windows\win-x64\System.Runtime.Serialization.dll
C:\ArsanGazERP\ArsanGazERP_V2_Duzeltilmis\Tools\AgentWatcher\bin\Release\net10.0-windows\win-x64\System.Runtime.Serialization.Formatters.dll
C:\ArsanGazERP\ArsanGazERP_V2_Duzeltilmis\Tools\AgentWatcher\bin\Release\net10.0-windows\win-x64\System.Runtime.Serialization.Json.dll
C:\ArsanGazERP\ArsanGazERP_V2_Duzeltilmis\Tools\AgentWatcher\bin\Release\net10.0-windows\win-x64\System.Runtime.Serialization.Primitives.dll
C:\ArsanGazERP\ArsanGazERP_V2_Duzeltilmis\Tools\AgentWatcher\bin\Release\net10.0-windows\win-x64\System.Runtime.Serialization.Xml.dll
C:\ArsanGazERP\ArsanGazERP_V2_Duzeltilmis\Tools\AgentWatcher\bin\Release\net10.0-windows\win-x64\System.Security.AccessControl.dll
C:\ArsanGazERP\ArsanGazERP_V2_Duzeltilmis\Tools\AgentWatcher\bin\Release\net10.0-windows\win-x64\System.Security.Claims.dll
C:\ArsanGazERP\ArsanGazERP_V2_Duzeltilmis\Tools\AgentWatcher\bin\Release\net10.0-windows\win-x64\System.Security.Cryptography.Algorithms.dll
C:\ArsanGazERP\ArsanGazERP_V2_Duzeltilmis\Tools\AgentWatcher\bin\Release\net10.0-windows\win-x64\System.Security.Cryptography.Cng.dll
C:\ArsanGazERP\ArsanGazERP_V2_Duzeltilmis\Tools\AgentWatcher\bin\Release\net10.0-windows\win-x64\System.Security.Cryptography.Csp.dll
C:\ArsanGazERP\ArsanGazERP_V2_Duzeltilmis\Tools\AgentWatcher\bin\Release\net10.0-windows\win-x64\System.Security.Cryptography.dll
C:\ArsanGazERP\ArsanGazERP_V2_Duzeltilmis\Tools\AgentWatcher\bin\Release\net10.0-windows\win-x64\System.Security.Cryptography.Encoding.dll
C:\ArsanGazERP\ArsanGazERP_V2_Duzeltilmis\Tools\AgentWatcher\bin\Release\net10.0-windows\win-x64\System.Security.Cryptography.OpenSsl.dll
C:\ArsanGazERP\ArsanGazERP_V2_Duzeltilmis\Tools\AgentWatcher\bin\Release\net10.0-windows\win-x64\System.Security.Cryptography.Pkcs.dll
C:\ArsanGazERP\ArsanGazERP_V2_Duzeltilmis\Tools\AgentWatcher\bin\Release\net10.0-windows\win-x64\System.Security.Cryptography.Primitives.dll
C:\ArsanGazERP\ArsanGazERP_V2_Duzeltilmis\Tools\AgentWatcher\bin\Release\net10.0-windows\win-x64\System.Security.Cryptography.ProtectedData.dll
C:\ArsanGazERP\ArsanGazERP_V2_Duzeltilmis\Tools\AgentWatcher\bin\Release\net10.0-windows\win-x64\System.Security.Cryptography.X509Certificates.dll
C:\ArsanGazERP\ArsanGazERP_V2_Duzeltilmis\Tools\AgentWatcher\bin\Release\net10.0-windows\win-x64\System.Security.Cryptography.Xml.dll
C:\ArsanGazERP\ArsanGazERP_V2_Duzeltilmis\Tools\AgentWatcher\bin\Release\net10.0-windows\win-x64\System.Security.dll
C:\ArsanGazERP\ArsanGazERP_V2_Duzeltilmis\Tools\AgentWatcher\bin\Release\net10.0-windows\win-x64\System.Security.Permissions.dll
C:\ArsanGazERP\ArsanGazERP_V2_Duzeltilmis\Tools\AgentWatcher\bin\Release\net10.0-windows\win-x64\System.Security.Principal.dll
C:\ArsanGazERP\ArsanGazERP_V2_Duzeltilmis\Tools\AgentWatcher\bin\Release\net10.0-windows\win-x64\System.Security.Principal.Windows.dll
C:\ArsanGazERP\ArsanGazERP_V2_Duzeltilmis\Tools\AgentWatcher\bin\Release\net10.0-windows\win-x64\System.Security.SecureString.dll
C:\ArsanGazERP\ArsanGazERP_V2_Duzeltilmis\Tools\AgentWatcher\bin\Release\net10.0-windows\win-x64\System.ServiceModel.Web.dll
C:\ArsanGazERP\ArsanGazERP_V2_Duzeltilmis\Tools\AgentWatcher\bin\Release\net10.0-windows\win-x64\System.ServiceProcess.dll
C:\ArsanGazERP\ArsanGazERP_V2_Duzeltilmis\Tools\AgentWatcher\bin\Release\net10.0-windows\win-x64\System.Text.Encoding.CodePages.dll
C:\ArsanGazERP\ArsanGazERP_V2_Duzeltilmis\Tools\AgentWatcher\bin\Release\net10.0-windows\win-x64\System.Text.Encoding.dll
C:\ArsanGazERP\ArsanGazERP_V2_Duzeltilmis\Tools\AgentWatcher\bin\Release\net10.0-windows\win-x64\System.Text.Encoding.Extensions.dll
C:\ArsanGazERP\ArsanGazERP_V2_Duzeltilmis\Tools\AgentWatcher\bin\Release\net10.0-windows\win-x64\System.Text.Encodings.Web.dll
C:\ArsanGazERP\ArsanGazERP_V2_Duzeltilmis\Tools\AgentWatcher\bin\Release\net10.0-windows\win-x64\System.Text.Json.dll
C:\ArsanGazERP\ArsanGazERP_V2_Duzeltilmis\Tools\AgentWatcher\bin\Release\net10.0-windows\win-x64\System.Text.RegularExpressions.dll
C:\ArsanGazERP\ArsanGazERP_V2_Duzeltilmis\Tools\AgentWatcher\bin\Release\net10.0-windows\win-x64\System.Threading.AccessControl.dll
C:\ArsanGazERP\ArsanGazERP_V2_Duzeltilmis\Tools\AgentWatcher\bin\Release\net10.0-windows\win-x64\System.Threading.Channels.dll
C:\ArsanGazERP\ArsanGazERP_V2_Duzeltilmis\Tools\AgentWatcher\bin\Release\net10.0-windows\win-x64\System.Threading.dll
C:\ArsanGazERP\ArsanGazERP_V2_Duzeltilmis\Tools\AgentWatcher\bin\Release\net10.0-windows\win-x64\System.Threading.Overlapped.dll
C:\ArsanGazERP\ArsanGazERP_V2_Duzeltilmis\Tools\AgentWatcher\bin\Release\net10.0-windows\win-x64\System.Threading.Tasks.Dataflow.dll
C:\ArsanGazERP\ArsanGazERP_V2_Duzeltilmis\Tools\AgentWatcher\bin\Release\net10.0-windows\win-x64\System.Threading.Tasks.dll
C:\ArsanGazERP\ArsanGazERP_V2_Duzeltilmis\Tools\AgentWatcher\bin\Release\net10.0-windows\win-x64\System.Threading.Tasks.Extensions.dll
C:\ArsanGazERP\ArsanGazERP_V2_Duzeltilmis\Tools\AgentWatcher\bin\Release\net10.0-windows\win-x64\System.Threading.Tasks.Parallel.dll
C:\ArsanGazERP\ArsanGazERP_V2_Duzeltilmis\Tools\AgentWatcher\bin\Release\net10.0-windows\win-x64\System.Threading.Thread.dll
C:\ArsanGazERP\ArsanGazERP_V2_Duzeltilmis\Tools\AgentWatcher\bin\Release\net10.0-windows\win-x64\System.Threading.ThreadPool.dll
C:\ArsanGazERP\ArsanGazERP_V2_Duzeltilmis\Tools\AgentWatcher\bin\Release\net10.0-windows\win-x64\System.Threading.Timer.dll
C:\ArsanGazERP\ArsanGazERP_V2_Duzeltilmis\Tools\AgentWatcher\bin\Release\net10.0-windows\win-x64\System.Transactions.dll
C:\ArsanGazERP\ArsanGazERP_V2_Duzeltilmis\Tools\AgentWatcher\bin\Release\net10.0-windows\win-x64\System.Transactions.Local.dll
C:\ArsanGazERP\ArsanGazERP_V2_Duzeltilmis\Tools\AgentWatcher\bin\Release\net10.0-windows\win-x64\System.ValueTuple.dll
C:\ArsanGazERP\ArsanGazERP_V2_Duzeltilmis\Tools\AgentWatcher\bin\Release\net10.0-windows\win-x64\System.Web.dll
C:\ArsanGazERP\ArsanGazERP_V2_Duzeltilmis\Tools\AgentWatcher\bin\Release\net10.0-windows\win-x64\System.Web.HttpUtility.dll
C:\ArsanGazERP\ArsanGazERP_V2_Duzeltilmis\Tools\AgentWatcher\bin\Release\net10.0-windows\win-x64\System.Windows.dll
C:\ArsanGazERP\ArsanGazERP_V2_Duzeltilmis\Tools\AgentWatcher\bin\Release\net10.0-windows\win-x64\System.Windows.Extensions.dll
C:\ArsanGazERP\ArsanGazERP_V2_Duzeltilmis\Tools\AgentWatcher\bin\Release\net10.0-windows\win-x64\System.Windows.Forms.Design.dll
C:\ArsanGazERP\ArsanGazERP_V2_Duzeltilmis\Tools\AgentWatcher\bin\Release\net10.0-windows\win-x64\System.Windows.Forms.Design.Editors.dll
C:\ArsanGazERP\ArsanGazERP_V2_Duzeltilmis\Tools\AgentWatcher\bin\Release\net10.0-windows\win-x64\System.Windows.Forms.dll
C:\ArsanGazERP\ArsanGazERP_V2_Duzeltilmis\Tools\AgentWatcher\bin\Release\net10.0-windows\win-x64\System.Windows.Forms.Primitives.dll
C:\ArsanGazERP\ArsanGazERP_V2_Duzeltilmis\Tools\AgentWatcher\bin\Release\net10.0-windows\win-x64\System.Xml.dll
C:\ArsanGazERP\ArsanGazERP_V2_Duzeltilmis\Tools\AgentWatcher\bin\Release\net10.0-windows\win-x64\System.Xml.Linq.dll
C:\ArsanGazERP\ArsanGazERP_V2_Duzeltilmis\Tools\AgentWatcher\bin\Release\net10.0-windows\win-x64\System.Xml.ReaderWriter.dll
C:\ArsanGazERP\ArsanGazERP_V2_Duzeltilmis\Tools\AgentWatcher\bin\Release\net10.0-windows\win-x64\System.Xml.Serialization.dll
C:\ArsanGazERP\ArsanGazERP_V2_Duzeltilmis\Tools\AgentWatcher\bin\Release\net10.0-windows\win-x64\System.Xml.XDocument.dll
C:\ArsanGazERP\ArsanGazERP_V2_Duzeltilmis\Tools\AgentWatcher\bin\Release\net10.0-windows\win-x64\System.Xml.XmlDocument.dll
C:\ArsanGazERP\ArsanGazERP_V2_Duzeltilmis\Tools\AgentWatcher\bin\Release\net10.0-windows\win-x64\System.Xml.XmlSerializer.dll
C:\ArsanGazERP\ArsanGazERP_V2_Duzeltilmis\Tools\AgentWatcher\bin\Release\net10.0-windows\win-x64\System.Xml.XPath.dll
C:\ArsanGazERP\ArsanGazERP_V2_Duzeltilmis\Tools\AgentWatcher\bin\Release\net10.0-windows\win-x64\System.Xml.XPath.XDocument.dll
C:\ArsanGazERP\ArsanGazERP_V2_Duzeltilmis\Tools\AgentWatcher\bin\Release\net10.0-windows\win-x64\WindowsBase.dll
C:\ArsanGazERP\ArsanGazERP_V2_Duzeltilmis\Tools\AgentWatcher\bin\Release\net10.0-windows\win-x64\cs\Microsoft.VisualBasic.Forms.resources.dll
C:\ArsanGazERP\ArsanGazERP_V2_Duzeltilmis\Tools\AgentWatcher\bin\Release\net10.0-windows\win-x64\cs\System.Windows.Forms.Design.resources.dll
C:\ArsanGazERP\ArsanGazERP_V2_Duzeltilmis\Tools\AgentWatcher\bin\Release\net10.0-windows\win-x64\cs\System.Windows.Forms.Primitives.resources.dll
C:\ArsanGazERP\ArsanGazERP_V2_Duzeltilmis\Tools\AgentWatcher\bin\Release\net10.0-windows\win-x64\cs\System.Windows.Forms.resources.dll
C:\ArsanGazERP\ArsanGazERP_V2_Duzeltilmis\Tools\AgentWatcher\bin\Release\net10.0-windows\win-x64\de\Microsoft.VisualBasic.Forms.resources.dll
C:\ArsanGazERP\ArsanGazERP_V2_Duzeltilmis\Tools\AgentWatcher\bin\Release\net10.0-windows\win-x64\de\System.Windows.Forms.Design.resources.dll
C:\ArsanGazERP\ArsanGazERP_V2_Duzeltilmis\Tools\AgentWatcher\bin\Release\net10.0-windows\win-x64\de\System.Windows.Forms.Primitives.resources.dll
C:\ArsanGazERP\ArsanGazERP_V2_Duzeltilmis\Tools\AgentWatcher\bin\Release\net10.0-windows\win-x64\de\System.Windows.Forms.resources.dll
C:\ArsanGazERP\ArsanGazERP_V2_Duzeltilmis\Tools\AgentWatcher\bin\Release\net10.0-windows\win-x64\es\Microsoft.VisualBasic.Forms.resources.dll
C:\ArsanGazERP\ArsanGazERP_V2_Duzeltilmis\Tools\AgentWatcher\bin\Release\net10.0-windows\win-x64\es\System.Windows.Forms.Design.resources.dll
C:\ArsanGazERP\ArsanGazERP_V2_Duzeltilmis\Tools\AgentWatcher\bin\Release\net10.0-windows\win-x64\es\System.Windows.Forms.Primitives.resources.dll
C:\ArsanGazERP\ArsanGazERP_V2_Duzeltilmis\Tools\AgentWatcher\bin\Release\net10.0-windows\win-x64\es\System.Windows.Forms.resources.dll
C:\ArsanGazERP\ArsanGazERP_V2_Duzeltilmis\Tools\AgentWatcher\bin\Release\net10.0-windows\win-x64\fr\Microsoft.VisualBasic.Forms.resources.dll
C:\ArsanGazERP\ArsanGazERP_V2_Duzeltilmis\Tools\AgentWatcher\bin\Release\net10.0-windows\win-x64\fr\System.Windows.Forms.Design.resources.dll
C:\ArsanGazERP\ArsanGazERP_V2_Duzeltilmis\Tools\AgentWatcher\bin\Release\net10.0-windows\win-x64\fr\System.Windows.Forms.Primitives.resources.dll
C:\ArsanGazERP\ArsanGazERP_V2_Duzeltilmis\Tools\AgentWatcher\bin\Release\net10.0-windows\win-x64\fr\System.Windows.Forms.resources.dll
C:\ArsanGazERP\ArsanGazERP_V2_Duzeltilmis\Tools\AgentWatcher\bin\Release\net10.0-windows\win-x64\it\Microsoft.VisualBasic.Forms.resources.dll
C:\ArsanGazERP\ArsanGazERP_V2_Duzeltilmis\Tools\AgentWatcher\bin\Release\net10.0-windows\win-x64\it\System.Windows.Forms.Design.resources.dll
C:\ArsanGazERP\ArsanGazERP_V2_Duzeltilmis\Tools\AgentWatcher\bin\Release\net10.0-windows\win-x64\it\System.Windows.Forms.Primitives.resources.dll
C:\ArsanGazERP\ArsanGazERP_V2_Duzeltilmis\Tools\AgentWatcher\bin\Release\net10.0-windows\win-x64\it\System.Windows.Forms.resources.dll
C:\ArsanGazERP\ArsanGazERP_V2_Duzeltilmis\Tools\AgentWatcher\bin\Release\net10.0-windows\win-x64\ja\Microsoft.VisualBasic.Forms.resources.dll
C:\ArsanGazERP\ArsanGazERP_V2_Duzeltilmis\Tools\AgentWatcher\bin\Release\net10.0-windows\win-x64\ja\System.Windows.Forms.Design.resources.dll
C:\ArsanGazERP\ArsanGazERP_V2_Duzeltilmis\Tools\AgentWatcher\bin\Release\net10.0-windows\win-x64\ja\System.Windows.Forms.Primitives.resources.dll
C:\ArsanGazERP\ArsanGazERP_V2_Duzeltilmis\Tools\AgentWatcher\bin\Release\net10.0-windows\win-x64\ja\System.Windows.Forms.resources.dll
C:\ArsanGazERP\ArsanGazERP_V2_Duzeltilmis\Tools\AgentWatcher\bin\Release\net10.0-windows\win-x64\ko\Microsoft.VisualBasic.Forms.resources.dll
C:\ArsanGazERP\ArsanGazERP_V2_Duzeltilmis\Tools\AgentWatcher\bin\Release\net10.0-windows\win-x64\ko\System.Windows.Forms.Design.resources.dll
C:\ArsanGazERP\ArsanGazERP_V2_Duzeltilmis\Tools\AgentWatcher\bin\Release\net10.0-windows\win-x64\ko\System.Windows.Forms.Primitives.resources.dll
C:\ArsanGazERP\ArsanGazERP_V2_Duzeltilmis\Tools\AgentWatcher\bin\Release\net10.0-windows\win-x64\ko\System.Windows.Forms.resources.dll
C:\ArsanGazERP\ArsanGazERP_V2_Duzeltilmis\Tools\AgentWatcher\bin\Release\net10.0-windows\win-x64\pl\Microsoft.VisualBasic.Forms.resources.dll
C:\ArsanGazERP\ArsanGazERP_V2_Duzeltilmis\Tools\AgentWatcher\bin\Release\net10.0-windows\win-x64\pl\System.Windows.Forms.Design.resources.dll
C:\ArsanGazERP\ArsanGazERP_V2_Duzeltilmis\Tools\AgentWatcher\bin\Release\net10.0-windows\win-x64\pl\System.Windows.Forms.Primitives.resources.dll
C:\ArsanGazERP\ArsanGazERP_V2_Duzeltilmis\Tools\AgentWatcher\bin\Release\net10.0-windows\win-x64\pl\System.Windows.Forms.resources.dll
C:\ArsanGazERP\ArsanGazERP_V2_Duzeltilmis\Tools\AgentWatcher\bin\Release\net10.0-windows\win-x64\pt-BR\Microsoft.VisualBasic.Forms.resources.dll
C:\ArsanGazERP\ArsanGazERP_V2_Duzeltilmis\Tools\AgentWatcher\bin\Release\net10.0-windows\win-x64\pt-BR\System.Windows.Forms.Design.resources.dll
C:\ArsanGazERP\ArsanGazERP_V2_Duzeltilmis\Tools\AgentWatcher\bin\Release\net10.0-windows\win-x64\pt-BR\System.Windows.Forms.Primitives.resources.dll
C:\ArsanGazERP\ArsanGazERP_V2_Duzeltilmis\Tools\AgentWatcher\bin\Release\net10.0-windows\win-x64\pt-BR\System.Windows.Forms.resources.dll
C:\ArsanGazERP\ArsanGazERP_V2_Duzeltilmis\Tools\AgentWatcher\bin\Release\net10.0-windows\win-x64\ru\Microsoft.VisualBasic.Forms.resources.dll
C:\ArsanGazERP\ArsanGazERP_V2_Duzeltilmis\Tools\AgentWatcher\bin\Release\net10.0-windows\win-x64\ru\System.Windows.Forms.Design.resources.dll
C:\ArsanGazERP\ArsanGazERP_V2_Duzeltilmis\Tools\AgentWatcher\bin\Release\net10.0-windows\win-x64\ru\System.Windows.Forms.Primitives.resources.dll
C:\ArsanGazERP\ArsanGazERP_V2_Duzeltilmis\Tools\AgentWatcher\bin\Release\net10.0-windows\win-x64\ru\System.Windows.Forms.resources.dll
C:\ArsanGazERP\ArsanGazERP_V2_Duzeltilmis\Tools\AgentWatcher\bin\Release\net10.0-windows\win-x64\tr\Microsoft.VisualBasic.Forms.resources.dll
C:\ArsanGazERP\ArsanGazERP_V2_Duzeltilmis\Tools\AgentWatcher\bin\Release\net10.0-windows\win-x64\tr\System.Windows.Forms.Design.resources.dll
C:\ArsanGazERP\ArsanGazERP_V2_Duzeltilmis\Tools\AgentWatcher\bin\Release\net10.0-windows\win-x64\tr\System.Windows.Forms.Primitives.resources.dll
C:\ArsanGazERP\ArsanGazERP_V2_Duzeltilmis\Tools\AgentWatcher\bin\Release\net10.0-windows\win-x64\tr\System.Windows.Forms.resources.dll
C:\ArsanGazERP\ArsanGazERP_V2_Duzeltilmis\Tools\AgentWatcher\bin\Release\net10.0-windows\win-x64\zh-Hans\Microsoft.VisualBasic.Forms.resources.dll
C:\ArsanGazERP\ArsanGazERP_V2_Duzeltilmis\Tools\AgentWatcher\bin\Release\net10.0-windows\win-x64\zh-Hans\System.Windows.Forms.Design.resources.dll
C:\ArsanGazERP\ArsanGazERP_V2_Duzeltilmis\Tools\AgentWatcher\bin\Release\net10.0-windows\win-x64\zh-Hans\System.Windows.Forms.Primitives.resources.dll
C:\ArsanGazERP\ArsanGazERP_V2_Duzeltilmis\Tools\AgentWatcher\bin\Release\net10.0-windows\win-x64\zh-Hans\System.Windows.Forms.resources.dll
C:\ArsanGazERP\ArsanGazERP_V2_Duzeltilmis\Tools\AgentWatcher\bin\Release\net10.0-windows\win-x64\zh-Hant\Microsoft.VisualBasic.Forms.resources.dll
C:\ArsanGazERP\ArsanGazERP_V2_Duzeltilmis\Tools\AgentWatcher\bin\Release\net10.0-windows\win-x64\zh-Hant\System.Windows.Forms.Design.resources.dll
C:\ArsanGazERP\ArsanGazERP_V2_Duzeltilmis\Tools\AgentWatcher\bin\Release\net10.0-windows\win-x64\zh-Hant\System.Windows.Forms.Primitives.resources.dll
C:\ArsanGazERP\ArsanGazERP_V2_Duzeltilmis\Tools\AgentWatcher\bin\Release\net10.0-windows\win-x64\zh-Hant\System.Windows.Forms.resources.dll
C:\ArsanGazERP\ArsanGazERP_V2_Duzeltilmis\Tools\AgentWatcher\obj\ArsanGazERP.AgentWatcher.csproj.nuget.dgspec.json
C:\ArsanGazERP\ArsanGazERP_V2_Duzeltilmis\Tools\AgentWatcher\obj\ArsanGazERP.AgentWatcher.csproj.nuget.g.props
C:\ArsanGazERP\ArsanGazERP_V2_Duzeltilmis\Tools\AgentWatcher\obj\ArsanGazERP.AgentWatcher.csproj.nuget.g.targets
C:\ArsanGazERP\ArsanGazERP_V2_Duzeltilmis\Tools\AgentWatcher\obj\project.assets.json
C:\ArsanGazERP\ArsanGazERP_V2_Duzeltilmis\Tools\AgentWatcher\obj\project.nuget.cache
C:\ArsanGazERP\ArsanGazERP_V2_Duzeltilmis\Tools\AgentWatcher\obj\Debug\net10.0-windows\win-x64\.NETCoreApp,Version=v10.0.AssemblyAttributes.cs
C:\ArsanGazERP\ArsanGazERP_V2_Duzeltilmis\Tools\AgentWatcher\obj\Debug\net10.0-windows\win-x64\ArsanGazERP.AgentWatcher.AssemblyInfo.cs
C:\ArsanGazERP\ArsanGazERP_V2_Duzeltilmis\Tools\AgentWatcher\obj\Debug\net10.0-windows\win-x64\ArsanGazERP.AgentWatcher.AssemblyInfoInputs.cache
C:\ArsanGazERP\ArsanGazERP_V2_Duzeltilmis\Tools\AgentWatcher\obj\Debug\net10.0-windows\win-x64\ArsanGazERP.AgentWatcher.assets.cache
C:\ArsanGazERP\ArsanGazERP_V2_Duzeltilmis\Tools\AgentWatcher\obj\Debug\net10.0-windows\win-x64\ArsanGazERP.AgentWatcher.csproj.AssemblyReference.cache
C:\ArsanGazERP\ArsanGazERP_V2_Duzeltilmis\Tools\AgentWatcher\obj\Debug\net10.0-windows\win-x64\ArsanGazERP.AgentWatcher.csproj.lscache.stamp
C:\ArsanGazERP\ArsanGazERP_V2_Duzeltilmis\Tools\AgentWatcher\obj\Debug\net10.0-windows\win-x64\ArsanGazERP.AgentWatcher.GeneratedMSBuildEditorConfig.editorconfig
C:\ArsanGazERP\ArsanGazERP_V2_Duzeltilmis\Tools\AgentWatcher\obj\Debug\net10.0-windows\win-x64\ArsanGazERP.AgentWatcher.GlobalUsings.g.cs
C:\ArsanGazERP\ArsanGazERP_V2_Duzeltilmis\Tools\AgentWatcher\obj\Release\net10.0-windows\win-x64\.NETCoreApp,Version=v10.0.AssemblyAttributes.cs
C:\ArsanGazERP\ArsanGazERP_V2_Duzeltilmis\Tools\AgentWatcher\obj\Release\net10.0-windows\win-x64\apphost.exe
C:\ArsanGazERP\ArsanGazERP_V2_Duzeltilmis\Tools\AgentWatcher\obj\Release\net10.0-windows\win-x64\ArsanGaz.9C48D49D.Up2Date
C:\ArsanGazERP\ArsanGazERP_V2_Duzeltilmis\Tools\AgentWatcher\obj\Release\net10.0-windows\win-x64\ArsanGazERP.AgentWatcher.AssemblyInfo.cs
C:\ArsanGazERP\ArsanGazERP_V2_Duzeltilmis\Tools\AgentWatcher\obj\Release\net10.0-windows\win-x64\ArsanGazERP.AgentWatcher.AssemblyInfoInputs.cache
C:\ArsanGazERP\ArsanGazERP_V2_Duzeltilmis\Tools\AgentWatcher\obj\Release\net10.0-windows\win-x64\ArsanGazERP.AgentWatcher.assets.cache
C:\ArsanGazERP\ArsanGazERP_V2_Duzeltilmis\Tools\AgentWatcher\obj\Release\net10.0-windows\win-x64\ArsanGazERP.AgentWatcher.csproj.AssemblyReference.cache
C:\ArsanGazERP\ArsanGazERP_V2_Duzeltilmis\Tools\AgentWatcher\obj\Release\net10.0-windows\win-x64\ArsanGazERP.AgentWatcher.csproj.CoreCompileInputs.cache
C:\ArsanGazERP\ArsanGazERP_V2_Duzeltilmis\Tools\AgentWatcher\obj\Release\net10.0-windows\win-x64\ArsanGazERP.AgentWatcher.csproj.FileListAbsolute.txt
C:\ArsanGazERP\ArsanGazERP_V2_Duzeltilmis\Tools\AgentWatcher\obj\Release\net10.0-windows\win-x64\ArsanGazERP.AgentWatcher.deps.json
C:\ArsanGazERP\ArsanGazERP_V2_Duzeltilmis\Tools\AgentWatcher\obj\Release\net10.0-windows\win-x64\ArsanGazERP.AgentWatcher.dll
C:\ArsanGazERP\ArsanGazERP_V2_Duzeltilmis\Tools\AgentWatcher\obj\Release\net10.0-windows\win-x64\ArsanGazERP.AgentWatcher.genbundle.cache
C:\ArsanGazERP\ArsanGazERP_V2_Duzeltilmis\Tools\AgentWatcher\obj\Release\net10.0-windows\win-x64\ArsanGazERP.AgentWatcher.GeneratedMSBuildEditorConfig.editorconfig
C:\ArsanGazERP\ArsanGazERP_V2_Duzeltilmis\Tools\AgentWatcher\obj\Release\net10.0-windows\win-x64\ArsanGazERP.AgentWatcher.genpublishdeps.cache
C:\ArsanGazERP\ArsanGazERP_V2_Duzeltilmis\Tools\AgentWatcher\obj\Release\net10.0-windows\win-x64\ArsanGazERP.AgentWatcher.genruntimeconfig.cache
C:\ArsanGazERP\ArsanGazERP_V2_Duzeltilmis\Tools\AgentWatcher\obj\Release\net10.0-windows\win-x64\ArsanGazERP.AgentWatcher.GlobalUsings.g.cs
C:\ArsanGazERP\ArsanGazERP_V2_Duzeltilmis\Tools\AgentWatcher\obj\Release\net10.0-windows\win-x64\ArsanGazERP.AgentWatcher.pdb
C:\ArsanGazERP\ArsanGazERP_V2_Duzeltilmis\Tools\AgentWatcher\obj\Release\net10.0-windows\win-x64\ArsanGazERP.AgentWatcher.sourcelink.json
C:\ArsanGazERP\ArsanGazERP_V2_Duzeltilmis\Tools\AgentWatcher\obj\Release\net10.0-windows\win-x64\PublishOutputs.33d7cfc87e.txt
C:\ArsanGazERP\ArsanGazERP_V2_Duzeltilmis\Tools\AgentWatcher\obj\Release\net10.0-windows\win-x64\singlefilehost.exe
C:\ArsanGazERP\ArsanGazERP_V2_Duzeltilmis\Tools\AgentWatcher\obj\Release\net10.0-windows\win-x64\ref\ArsanGazERP.AgentWatcher.dll
C:\ArsanGazERP\ArsanGazERP_V2_Duzeltilmis\Tools\AgentWatcher\obj\Release\net10.0-windows\win-x64\refint\ArsanGazERP.AgentWatcher.dll
C:\ArsanGazERP\ArsanGazERP_V2_Duzeltilmis\Tools\AgentWatcher\publish\ArsanGazERP.AgentWatcher.exe
C:\ArsanGazERP\ArsanGazERP_V2_Duzeltilmis\Tools\AgentWatcher\publish\ArsanGazERP.AgentWatcher.pdb
313 File(s) copied
Input Length = 14148
Output Length = 10336
CertUtil: -decode command completed successfully.
        1 file(s) copied.
        1 file(s) copied.
C:\Program Files\dotnet\dotnet.exe
  Geri yüklenecek projeler belirleniyor...
  C:\ArsanGazERP\ArsanGazERP_V2_Duzeltilmis\Tools\AgentWatcher\ArsanGazERP.AgentWatcher.csproj geri yüklendi (944 ms içinde).
  ArsanGazERP.AgentWatcher -> C:\ArsanGazERP\ArsanGazERP_V2_Duzeltilmis\Tools\AgentWatcher\bin\Release\net10.0-windows\win-x64\ArsanGazERP.AgentWatcher.dll

Oluşturma başarılı oldu.
    0 Uyarı
    0 Hata

Geçen Süre 00:00:11.29
  Geri yüklenecek projeler belirleniyor...
  Geri yükleme için tüm projeler güncel.
  ArsanGazERP.AgentWatcher -> C:\ArsanGazERP\ArsanGazERP_V2_Duzeltilmis\Tools\AgentWatcher\bin\Release\net10.0-windows\win-x64\ArsanGazERP.AgentWatcher.dll
  ArsanGazERP.AgentWatcher -> C:\ArsanGazERP\ArsanGazERP_V2_Duzeltilmis\Tools\AgentWatcher\publish\
İşlem başarıyla tamamlandı.
[main aeb9b97] V7.6.0 add Agent Control Center
 2 files changed, 207 insertions(+), 59 deletions(-)
To https://github.com/arsangaz01/arsan-gaz-erp-releases.git
   0795a60..aeb9b97  HEAD -> main
[SUCCESS] V7.6.0 build, publish and visible startup verified.
